================================================================================
                 SPIRE ENGINE DETAILED PERFORMANCE DIAGNOSIS                    
================================================================================
Timestamp:       2026-09-21T19:37:11
Session Duration: 216.33 seconds | Total Frames: 26426 | Simulation Ticks: 2149
Engine Version:  4.4.1-stable (official) | OS: Windows
Static Memory:   233.07 MB (Peak: 234.39 MB)
--------------------------------------------------------------------------------

--- [1] FRAME PACING & DISPLAY DIAGNOSIS ---
Average FPS:      125.4 FPS (Mean Frame Time: 7.98 ms)
1% Low FPS:        20.3 FPS (Worst 1% Frame Mean: 49.17 ms)
P95 Frame Time:   26.54 ms
P99 Frame Time:   44.44 ms
Max Frame Spike:  69.13 ms
Frames > 16.6ms:  2060 (7.8% of frames dipped below 60 FPS)
Frames > 33.3ms:   629 (2.4% of frames dipped below 30 FPS)
Frames > 50.0ms:    75 (Severe hitches / freezes)

--- [2] SIMULATION TICK HEALTH (10 TPS Target = 100.0 ms budget) ---
Average Tick Duration: 17.272 ms (Budget Used: 17.3%)
Maximum Tick Spike:    202.867 ms (Budget Used: 202.9%)
Simulation Headroom:   82.728 ms (5.8x faster than real-time threshold)

--- [3] PER-SYSTEM WORKLOAD BREAKDOWN ---
System Name                |   Calls | Avg (usec) | Max (usec) |   % Tick | Health Status
---------------------------+---------+------------+------------+----------+--------------
SignalSystem               |    2149 |    11099.6 |      30508 |    64.3% | [CRITICAL]
PhaseChangeSystem          |    2149 |     1570.4 |      14381 |     9.1% | [OPTIMAL]
DecaySystem                |    2149 |     1436.2 |       6123 |     8.3% | [OPTIMAL]
VegetationGrowthSystem     |    2149 |      997.2 |       1997 |     5.8% | [OPTIMAL]
VegetationYieldSystem      |    2149 |      742.0 |      11030 |     4.3% | [OPTIMAL]
MatterAssignSystem         |    2149 |      488.8 |      13027 |     2.8% | [OPTIMAL]
RainSystem                 |    2149 |      481.4 |      25700 |     2.8% | [WARNING]
ClimateSystem              |    2149 |      273.1 |      15162 |     1.6% | [WARNING]
VegetationSpawnSystem      |    2149 |       54.4 |     114453 |     0.3% | [WARNING]
FluidSystem                |    2149 |        9.9 |        746 |     0.1% | [OPTIMAL]
WeatherSystem              |    2149 |        6.8 |        234 |     0.0% | [OPTIMAL]
ImpactSolverSystem         |    2149 |        4.3 |         68 |     0.0% | [OPTIMAL]
CombustionSystem           |    2149 |        2.9 |         86 |     0.0% | [OPTIMAL]
GasSystem                  |    2149 |        2.9 |         22 |     0.0% | [OPTIMAL]
TerrainGenSystem           |    2149 |        1.8 |        125 |     0.0% | [OPTIMAL]
ChemicalReactionSystem     |    2149 |        1.6 |        190 |     0.0% | [OPTIMAL]
---------------------------+---------+------------+------------+----------+--------------

--- [4] GPU RENDER TEXTURE DIAGNOSTICS ---
Render system metrics not available or not yet initialized.

--- [5] DIAGNOSTIC VERDICT & RECOMMENDATIONS ---
[PASS] System is running in GOOD HEALTH with acceptable pacing.
  - Note: Minor frame drops below 60 FPS detected (2060 frames). Ensure VSync or exponential camera damping is active.
================================================================================